
         /\      Grafana   /‾‾/  
    /\  /  \     |\  __   /  /   
   /  \/    \    | |/ /  /   ‾‾\ 
  /          \   |   (  |  (‾)  |
 / __________ \  |_|\_\  \_____/ 


     execution: local
        script: /opt/g-scores-load-test/lookup.js
        output: -

     scenarios: (100.00%) 1 scenario, 10 max VUs, 31m30s max duration (incl. graceful stop):
              * lookup: 1 iterations for each of 10 VUs (maxDuration: 30m0s, gracefulStop: 1m30s)


running (00m01.0s), 10/10 VUs, 0 complete and 0 interrupted iterations
lookup   [   0% ] 10 VUs  00m01.0s/30m0s  00/10 iters, 1 per VU

running (00m02.0s), 10/10 VUs, 0 complete and 0 interrupted iterations
lookup   [   0% ] 10 VUs  00m02.0s/30m0s  00/10 iters, 1 per VU
BURST_REQUEST,vu-9,01000858,1791307445479,1791307445597,200,true,false,
BURST_REQUEST,vu-4,01000321,1791307445479,1791307445597,200,true,false,
BURST_REQUEST,vu-10,01000966,1791307445481,1791307445615,200,true,false,
BURST_REQUEST,vu-6,01000536,1791307445479,1791307445624,200,true,false,
BURST_REQUEST,vu-1,01000001,1791307445479,1791307445631,200,true,false,
BURST_REQUEST,vu-2,01000107,1791307445482,1791307445635,200,true,false,
BURST_REQUEST,vu-7,01000642,1791307445482,1791307445641,200,true,false,
BURST_REQUEST,vu-3,01000215,1791307445481,1791307445648,200,true,false,
BURST_REQUEST,vu-8,01000752,1791307445479,1791307445651,200,true,false,
BURST_REQUEST,vu-5,01000427,1791307445482,1791307445654,200,true,false,
lookup complete: p95=92.95ms errors=0.00% cache_hit=0.00% summary=/opt/g-scores-load-test/results/smoke/summary.json

running (00m02.2s), 00/10 VUs, 10 complete and 0 interrupted iterations
lookup ✓ [ 100% ] 10 VUs  00m02.2s/30m0s  10/10 iters, 1 per VU
